// Jest Snapshot v1, https://goo.gl/fbAQLP

exports[`test pack test data chunk: packObjectEntries 1`] = `
[
  "c17358365df785db682260407606051b011eee88",
  "3b18e512dba79e4c8300dd08aeb37f8e728b8dad",
  "c3b8bb102afeca86037d5b5dd89ceeb0090eae9d",
]
`;
